// Jest Snapshot v1, https://goo.gl/fbAQLP

exports[`renders correctly 1`] = `
<View
  style={
    Object {
      "flex": 1,
    }
  }
>
  <RCTScrollView
    ListFooterComponent={
      <View
        style={
          Object {
            "height": 140.07,
          }
        }
      />
    }
    data={Array []}
    getItem={[Function]}
    getItemCount={[Function]}
    keyExtractor={[Function]}
    onContentSizeChange={[Function]}
    onLayout={[Function]}
    onMomentumScrollBegin={[Function]}
    onMomentumScrollEnd={[Function]}
    onScroll={[Function]}
    onScrollBeginDrag={[Function]}
    onScrollEndDrag={[Function]}
    removeClippedSubviews={false}
    renderItem={[Function]}
    scrollEventThrottle={50}
    showsVerticalScrollIndicator={false}
    stickyHeaderIndices={Array []}
    viewabilityConfigCallbackPairs={Array []}
  >
    <View>
      <View
        onLayout={[Function]}
      >
        <View
          style={
            Object {
              "height": 140.07,
            }
          }
        />
      </View>
    </View>
  </RCTScrollView>
  <View
    style={
      Object {
        "alignItems": "center",
        "bottom": 26.68,
        "position": "absolute",
        "width": 750,
      }
    }
  >
    <View
      accessible={true}
      collapsable={false}
      focusable={true}
      nativeID="animatedComponent"
      onClick={[Function]}
      onResponderGrant={[Function]}
      onResponderMove={[Function]}
      onResponderRelease={[Function]}
      onResponderTerminate={[Function]}
      onResponderTerminationRequest={[Function]}
      onStartShouldSetResponder={[Function]}
      style={
        Object {
          "alignItems": "center",
          "backgroundColor": "#3084E0",
          "borderRadius": 43.355000000000004,
          "height": 86.71000000000001,
          "justifyContent": "center",
          "opacity": 1,
          "width": 86.71000000000001,
        }
      }
    >
      <RNSVGSvgView
        align="xMidYMid"
        bbHeight={46.690000000000005}
        bbWidth={46.690000000000005}
        className="feather feather-plus"
        fill="none"
        focusable={false}
        height={46.690000000000005}
        meetOrSlice={0}
        minX={0}
        minY={0}
        stroke="#ffffff"
        strokeLinecap="round"
        strokeLinejoin="round"
        strokeWidth={2}
        style={
          Array [
            Object {
              "backgroundColor": "transparent",
              "borderWidth": 0,
            },
            Object {
              "flex": 0,
              "height": 46,
              "width": 46,
            },
          ]
        }
        vbHeight={24}
        vbWidth={24}
        width={46.690000000000005}
        xmlns="http://www.w3.org/2000/svg"
      >
        <RNSVGGroup
          fill={null}
          propList={
            Array [
              "fill",
              "stroke",
              "strokeWidth",
              "strokeLinecap",
              "strokeLinejoin",
            ]
          }
          stroke={4294967295}
          strokeLinecap={1}
          strokeLinejoin={1}
          strokeWidth={2}
        >
          <RNSVGPath
            d="M12 5v14M5 12h14"
          />
        </RNSVGGroup>
      </RNSVGSvgView>
    </View>
  </View>
</View>
`;
